[ 0] MOOG check (pre-reset): f_drag=4.528 (limit 12.800) chi=0.072 (limit 1.280) m_a=0.114 mode=CONVERSATION would_fire=False
[ 0] negotiate: voices=() magnitude=0 -> outcome='SPEAK' gate='' reason='no voice triggered'
[ 1] MOOG check (pre-reset): f_drag=3.040 (limit 12.800) chi=0.037 (limit 1.280) m_a=0.126 mode=CONVERSATION would_fire=False
[ 1] negotiate: voices=() magnitude=0 -> outcome='SPEAK' gate='' reason='no voice triggered'
[ 2] MOOG check (pre-reset): f_drag=3.056 (limit 12.800) chi=0.018 (limit 1.280) m_a=0.108 mode=CONVERSATION would_fire=False
[ 2] negotiate: voices=() magnitude=0 -> outcome='SPEAK' gate='' reason='no voice triggered'
[ 3] MOOG check (pre-reset): f_drag=2.056 (limit 12.800) chi=0.250 (limit 1.280) m_a=0.105 mode=CONVERSATION would_fire=False
[ 3] negotiate: voices=() magnitude=0 -> outcome='SPEAK' gate='' reason='no voice triggered'
[ 4] MOOG check (pre-reset): f_drag=1.592 (limit 12.800) chi=0.383 (limit 1.280) m_a=0.097 mode=CONVERSATION would_fire=False
[ 4] voices fired: ['village_moira_home']
[ 4] negotiate: voices=('MOIRA',) magnitude=0 -> outcome='SPEAK' gate='' reason='one voice, nothing to negotiate'
[ 5] MOOG check (pre-reset): f_drag=2.872 (limit 12.800) chi=0.470 (limit 1.280) m_a=0.117 mode=CONVERSATION would_fire=False
[ 5] negotiate: voices=() magnitude=0 -> outcome='SPEAK' gate='' reason='no voice triggered'
[ 6] MOOG check (pre-reset): f_drag=3.488 (limit 12.800) chi=0.478 (limit 1.280) m_a=0.111 mode=CONVERSATION would_fire=False
[ 6] negotiate: voices=() magnitude=0 -> outcome='SPEAK' gate='' reason='no voice triggered'
[ 7] voices fired: ['village_benedict_tact']
[ 7] MOOG check (pre-reset): f_drag=3.960 (limit 12.800) chi=0.473 (limit 1.280) m_a=0.097 mode=CONVERSATION would_fire=False
[ 7] voices fired: ['village_benedict_tact']
[ 7] negotiate: voices=('BENEDICT',) magnitude=0 -> outcome='SPEAK' gate='' reason='one voice, nothing to negotiate'
[ 8] voices fired: ['village_gordon', 'village_benedict_tact']
[ 8] MOOG check (pre-reset): f_drag=54.208 (limit 12.800) chi=0.077 (limit 1.280) m_a=0.087 mode=CONVERSATION would_fire=True
[ 8] voices fired: ['village_moira_home']
[ 8] negotiate: voices=('MOIRA',) magnitude=0 -> outcome='HOLD' gate='MOOG' reason='The parameters of this concern are undefined. I am placing this in the ledger. We will not spend ATP on this right now.'
[ 9] voices fired: ['village_gordon']
[ 9] MOOG check (pre-reset): f_drag=4.184 (limit 12.800) chi=0.458 (limit 1.280) m_a=0.078 mode=CONVERSATION would_fire=False
[ 9] negotiate: voices=() magnitude=0 -> outcome='SPEAK' gate='' reason='no voice triggered'
[10] voices fired: ['village_benedict_tact', 'village_april']
[10] MOOG check (pre-reset): f_drag=2.072 (limit 12.800) chi=0.450 (limit 1.280) m_a=0.089 mode=CONVERSATION would_fire=False
[10] voices fired: ['village_benedict_tact', 'village_april']
[10] negotiate: voices=('BENEDICT', 'APRIL') magnitude=1 -> outcome='SPEAK' gate='' reason='BENEDICT vs APRIL; BENEDICT carries it'
[11] MOOG check (pre-reset): f_drag=3.736 (limit 12.800) chi=0.439 (limit 1.280) m_a=0.098 mode=CONVERSATION would_fire=False
[11] negotiate: voices=() magnitude=0 -> outcome='SPEAK' gate='' reason='no voice triggered'
[12] MOOG check (pre-reset): f_drag=1.960 (limit 12.800) chi=0.414 (limit 1.280) m_a=0.091 mode=CONVERSATION would_fire=False
[12] negotiate: voices=() magnitude=0 -> outcome='SPEAK' gate='' reason='no voice triggered'
[13] voices fired: ['village_gordon']
[13] MOOG check (pre-reset): f_drag=4.024 (limit 12.800) chi=0.487 (limit 1.280) m_a=0.081 mode=CONVERSATION would_fire=False
[13] negotiate: voices=() magnitude=0 -> outcome='SPEAK' gate='' reason='no voice triggered'
[14] voices fired: ['village_gordon', 'village_jester_fool', 'village_colin_waiter']
[14] MOOG check (pre-reset): f_drag=7.176 (limit 12.800) chi=0.480 (limit 1.280) m_a=0.074 mode=CONVERSATION would_fire=False
[14] voices fired: ['village_gordon', 'village_jester_fool', 'village_colin_waiter']
[14] negotiate: voices=('GORDON', 'JESTER', 'COLIN') magnitude=2 -> outcome='SPEAK' gate='' reason='GORDON vs JESTER vs COLIN; GORDON carries it'
[15] voices fired: ['village_gordon', 'village_jester_fool', 'village_colin_waiter', 'village_april']
[15] MOOG check (pre-reset): f_drag=7.256 (limit 12.800) chi=0.478 (limit 1.280) m_a=0.053 mode=CONVERSATION would_fire=False
[15] voices fired: ['village_gordon', 'village_jester_fool', 'village_colin_waiter', 'village_april']
[15] negotiate: voices=('GORDON', 'JESTER', 'COLIN', 'APRIL') magnitude=3 -> outcome='HOLD' gate='TENSION_MAGNITUDE' reason='4 voices at once with no fusion between them'
[16] voices fired: ['village_gordon', 'village_jester_fool', 'village_colin_waiter']
[16] MOOG check (pre-reset): f_drag=7.576 (limit 12.800) chi=0.479 (limit 1.280) m_a=0.045 mode=CONVERSATION would_fire=False
[16] voices fired: ['village_gordon', 'village_jester_fool', 'village_colin_waiter']
[16] negotiate: voices=('GORDON', 'JESTER', 'COLIN') magnitude=2 -> outcome='SPEAK' gate='' reason='GORDON vs JESTER vs COLIN; GORDON carries it'
[17] voices fired: ['village_gordon', 'village_jester_fool', 'village_colin_waiter', 'village_april']
[17] MOOG check (pre-reset): f_drag=7.208 (limit 12.800) chi=0.478 (limit 1.280) m_a=0.045 mode=CONVERSATION would_fire=False
[17] voices fired: ['village_gordon', 'village_jester_fool', 'village_colin_waiter', 'village_april']
[17] negotiate: voices=('GORDON', 'JESTER', 'COLIN', 'APRIL') magnitude=3 -> outcome='HOLD' gate='TENSION_MAGNITUDE' reason='4 voices at once with no fusion between them'
[18] voices fired: ['village_gordon', 'village_jester_fool', 'village_colin_waiter', 'village_april']
[18] MOOG check (pre-reset): f_drag=7.208 (limit 12.800) chi=0.478 (limit 1.280) m_a=0.045 mode=CONVERSATION would_fire=False
[18] voices fired: ['village_gordon', 'village_jester_fool', 'village_colin_waiter', 'village_april']
[18] negotiate: voices=('GORDON', 'JESTER', 'COLIN', 'APRIL') magnitude=3 -> outcome='HOLD' gate='TENSION_MAGNITUDE' reason='4 voices at once with no fusion between them'
[19] voices fired: ['village_gordon', 'village_jester_fool']
[19] MOOG check (pre-reset): f_drag=4.440 (limit 12.800) chi=0.479 (limit 1.280) m_a=0.045 mode=CONVERSATION would_fire=False
[19] voices fired: ['village_jester_fool']
[19] negotiate: voices=('JESTER',) magnitude=0 -> outcome='SPEAK' gate='' reason='one voice, nothing to negotiate'
[20] voices fired: ['village_april']
[20] MOOG check (pre-reset): f_drag=2.400 (limit 12.800) chi=0.472 (limit 1.280) m_a=0.029 mode=CONVERSATION would_fire=False
[20] voices fired: ['village_april']
[20] negotiate: voices=('APRIL',) magnitude=0 -> outcome='SPEAK' gate='' reason='one voice, nothing to negotiate'
[21] voices fired: ['village_april']
[21] MOOG check (pre-reset): f_drag=1.890 (limit 12.800) chi=0.513 (limit 1.280) m_a=0.031 mode=CONVERSATION would_fire=False
[21] voices fired: ['village_april']
[21] negotiate: voices=('APRIL',) magnitude=0 -> outcome='SPEAK' gate='' reason='one voice, nothing to negotiate'
[22] MOOG check (pre-reset): f_drag=2.160 (limit 12.800) chi=0.416 (limit 1.280) m_a=0.038 mode=CONVERSATION would_fire=False
[22] negotiate: voices=() magnitude=0 -> outcome='SPEAK' gate='' reason='no voice triggered'
[23] voices fired: ['village_april']
[23] MOOG check (pre-reset): f_drag=2.270 (limit 12.800) chi=0.326 (limit 1.280) m_a=0.053 mode=CONVERSATION would_fire=False
[23] voices fired: ['village_april']
[23] negotiate: voices=('APRIL',) magnitude=0 -> outcome='SPEAK' gate='' reason='one voice, nothing to negotiate'
[24] voices fired: ['village_benedict_tact', 'village_april']
[24] MOOG check (pre-reset): f_drag=0.490 (limit 12.800) chi=0.327 (limit 1.280) m_a=0.066 mode=CONVERSATION would_fire=False
[24] voices fired: ['village_benedict_tact', 'village_april']
[24] negotiate: voices=('BENEDICT', 'APRIL') magnitude=1 -> outcome='SPEAK' gate='' reason='held 2 turns already; BENEDICT takes the floor'
[25] MOOG check (pre-reset): f_drag=1.480 (limit 12.800) chi=0.338 (limit 1.280) m_a=0.066 mode=CONVERSATION would_fire=False
[25] negotiate: voices=() magnitude=0 -> outcome='SPEAK' gate='' reason='no voice triggered'
[26] MOOG check (pre-reset): f_drag=3.470 (limit 12.800) chi=0.424 (limit 1.280) m_a=0.066 mode=CONVERSATION would_fire=False
[26] negotiate: voices=() magnitude=0 -> outcome='SPEAK' gate='' reason='no voice triggered'
[27] voices fired: ['village_benedict_tact', 'village_april']
[27] MOOG check (pre-reset): f_drag=1.960 (limit 12.800) chi=0.474 (limit 1.280) m_a=0.076 mode=CONVERSATION would_fire=False
[27] voices fired: ['village_benedict_tact', 'village_moira_home', 'village_april']
[27] negotiate: voices=('BENEDICT', 'MOIRA', 'APRIL') magnitude=2 -> outcome='PAIR' gate='' reason='APRIL and MOIRA fuse; the moment needs both'
[28] voices fired: ['village_benedict_tact']
[28] MOOG check (pre-reset): f_drag=2.140 (limit 12.800) chi=0.508 (limit 1.280) m_a=0.076 mode=CONVERSATION would_fire=False
[28] voices fired: ['village_benedict_tact']
[28] negotiate: voices=('BENEDICT',) magnitude=0 -> outcome='SPEAK' gate='' reason='one voice, nothing to negotiate'
[29] MOOG check (pre-reset): f_drag=2.300 (limit 12.800) chi=0.523 (limit 1.280) m_a=0.083 mode=CONVERSATION would_fire=False
[29] negotiate: voices=() magnitude=0 -> outcome='SPEAK' gate='' reason='no voice triggered'
