[ 0] MOOG check (pre-reset): f_drag=4.536 (limit 12.800) chi=0.066 (limit 1.280) m_a=0.033 mode=CONVERSATION would_fire=False
[ 0] negotiate: voices=() magnitude=0 -> outcome='SPEAK' gate='' reason='no voice triggered'
[ 1] MOOG check (pre-reset): f_drag=3.272 (limit 12.800) chi=0.031 (limit 1.280) m_a=0.036 mode=CONVERSATION would_fire=False
[ 1] negotiate: voices=() magnitude=0 -> outcome='SPEAK' gate='' reason='no voice triggered'
[ 2] MOOG check (pre-reset): f_drag=1.760 (limit 12.800) chi=0.014 (limit 1.280) m_a=0.054 mode=CONVERSATION would_fire=False
[ 2] negotiate: voices=() magnitude=0 -> outcome='SPEAK' gate='' reason='no voice triggered'
[ 3] MOOG check (pre-reset): f_drag=0.552 (limit 12.800) chi=0.246 (limit 1.280) m_a=0.069 mode=CONVERSATION would_fire=False
[ 3] negotiate: voices=() magnitude=0 -> outcome='SPEAK' gate='' reason='no voice triggered'
[ 4] MOOG check (pre-reset): f_drag=2.216 (limit 12.800) chi=0.234 (limit 1.280) m_a=0.073 mode=CONVERSATION would_fire=False
[ 4] negotiate: voices=() magnitude=0 -> outcome='SPEAK' gate='' reason='no voice triggered'
[ 5] MOOG check (pre-reset): f_drag=2.616 (limit 12.800) chi=0.361 (limit 1.280) m_a=0.074 mode=CONVERSATION would_fire=False
[ 5] negotiate: voices=() magnitude=0 -> outcome='SPEAK' gate='' reason='no voice triggered'
[ 6] MOOG check (pre-reset): f_drag=0.776 (limit 12.800) chi=0.372 (limit 1.280) m_a=0.071 mode=CONVERSATION would_fire=False
[ 6] negotiate: voices=() magnitude=0 -> outcome='SPEAK' gate='' reason='no voice triggered'
[ 7] MOOG check (pre-reset): f_drag=1.632 (limit 12.800) chi=0.357 (limit 1.280) m_a=0.067 mode=CONVERSATION would_fire=False
[ 7] negotiate: voices=() magnitude=0 -> outcome='SPEAK' gate='' reason='no voice triggered'
[ 8] voices fired: ['village_benedict_tact']
[ 8] MOOG check (pre-reset): f_drag=5.168 (limit 12.800) chi=0.368 (limit 1.280) m_a=0.059 mode=CONVERSATION would_fire=False
[ 8] voices fired: ['village_gordon', 'village_benedict_tact']
[ 8] negotiate: voices=('GORDON', 'BENEDICT') magnitude=1 -> outcome='PAIR' gate='' reason='BENEDICT and GORDON fuse; the moment needs both'
[ 9] MOOG check (pre-reset): f_drag=3.552 (limit 12.800) chi=0.372 (limit 1.280) m_a=0.063 mode=CONVERSATION would_fire=False
[ 9] negotiate: voices=() magnitude=0 -> outcome='SPEAK' gate='' reason='no voice triggered'
[10] voices fired: ['village_gordon']
[10] MOOG check (pre-reset): f_drag=4.592 (limit 12.800) chi=0.365 (limit 1.280) m_a=0.074 mode=CONVERSATION would_fire=False
[10] negotiate: voices=() magnitude=0 -> outcome='SPEAK' gate='' reason='no voice triggered'
[11] voices fired: ['village_gordon']
[11] MOOG check (pre-reset): f_drag=4.624 (limit 12.800) chi=0.364 (limit 1.280) m_a=0.080 mode=CONVERSATION would_fire=False
[11] negotiate: voices=() magnitude=0 -> outcome='SPEAK' gate='' reason='no voice triggered'
[12] voices fired: ['village_gordon']
[12] MOOG check (pre-reset): f_drag=4.080 (limit 12.800) chi=0.373 (limit 1.280) m_a=0.106 mode=CONVERSATION would_fire=False
[12] negotiate: voices=() magnitude=0 -> outcome='SPEAK' gate='' reason='no voice triggered'
[13] voices fired: ['village_benedict_tact']
[13] MOOG check (pre-reset): f_drag=3.320 (limit 12.800) chi=0.372 (limit 1.280) m_a=0.094 mode=CONVERSATION would_fire=False
[13] voices fired: ['village_benedict_tact']
[13] negotiate: voices=('BENEDICT',) magnitude=0 -> outcome='SPEAK' gate='' reason='one voice, nothing to negotiate'
[14] voices fired: ['village_gordon', 'village_jester_fool']
[14] MOOG check (pre-reset): f_drag=4.880 (limit 12.800) chi=0.364 (limit 1.280) m_a=0.085 mode=CONVERSATION would_fire=False
[14] voices fired: ['village_jester_fool']
[14] negotiate: voices=('JESTER',) magnitude=0 -> outcome='SPEAK' gate='' reason='one voice, nothing to negotiate'
[15] voices fired: ['village_jester_fool', 'village_colin_waiter']
[15] MOOG check (pre-reset): f_drag=3.872 (limit 12.800) chi=0.363 (limit 1.280) m_a=0.078 mode=CONVERSATION would_fire=False
[15] voices fired: ['village_jester_fool', 'village_colin_waiter']
[15] negotiate: voices=('JESTER', 'COLIN') magnitude=1 -> outcome='SPEAK' gate='' reason='JESTER vs COLIN; JESTER carries it'
[16] voices fired: ['village_jester_fool', 'village_roberta_missing', 'village_colin_waiter']
[16] MOOG check (pre-reset): f_drag=6.176 (limit 12.800) chi=0.363 (limit 1.280) m_a=0.072 mode=CONVERSATION would_fire=False
[16] voices fired: ['village_gordon', 'village_jester_fool', 'village_roberta_missing', 'village_colin_waiter']
[16] negotiate: voices=('GORDON', 'JESTER', 'ROBERTA', 'COLIN') magnitude=3 -> outcome='HOLD' gate='TENSION_MAGNITUDE' reason='4 voices at once with no fusion between them'
[17] voices fired: ['village_gordon', 'village_jester_fool']
[17] MOOG check (pre-reset): f_drag=4.120 (limit 12.800) chi=0.364 (limit 1.280) m_a=0.069 mode=CONVERSATION would_fire=False
[17] voices fired: ['village_jester_fool']
[17] negotiate: voices=('JESTER',) magnitude=0 -> outcome='SPEAK' gate='' reason='one voice, nothing to negotiate'
[18] voices fired: ['village_jester_fool']
[18] MOOG check (pre-reset): f_drag=2.168 (limit 12.800) chi=0.365 (limit 1.280) m_a=0.069 mode=CONVERSATION would_fire=False
[18] voices fired: ['village_jester_fool']
[18] negotiate: voices=('JESTER',) magnitude=0 -> outcome='SPEAK' gate='' reason='one voice, nothing to negotiate'
[19] voices fired: ['village_gordon', 'village_jester_fool']
[19] MOOG check (pre-reset): f_drag=4.816 (limit 12.800) chi=0.362 (limit 1.280) m_a=0.058 mode=CONVERSATION would_fire=False
[19] voices fired: ['village_jester_fool']
[19] negotiate: voices=('JESTER',) magnitude=0 -> outcome='SPEAK' gate='' reason='one voice, nothing to negotiate'
[20] MOOG check (pre-reset): f_drag=2.872 (limit 12.800) chi=0.345 (limit 1.280) m_a=0.061 mode=CONVERSATION would_fire=False
[20] negotiate: voices=() magnitude=0 -> outcome='SPEAK' gate='' reason='no voice triggered'
[21] MOOG check (pre-reset): f_drag=3.390 (limit 12.800) chi=0.370 (limit 1.280) m_a=0.055 mode=CONVERSATION would_fire=False
[21] negotiate: voices=() magnitude=0 -> outcome='SPEAK' gate='' reason='no voice triggered'
[22] MOOG check (pre-reset): f_drag=2.950 (limit 12.800) chi=0.325 (limit 1.280) m_a=0.021 mode=CONVERSATION would_fire=False
[22] negotiate: voices=() magnitude=0 -> outcome='SPEAK' gate='' reason='no voice triggered'
[23] MOOG check (pre-reset): f_drag=3.860 (limit 12.800) chi=0.434 (limit 1.280) m_a=0.021 mode=CONVERSATION would_fire=False
[23] negotiate: voices=() magnitude=0 -> outcome='SPEAK' gate='' reason='no voice triggered'
[24] MOOG check (pre-reset): f_drag=2.330 (limit 12.800) chi=0.392 (limit 1.280) m_a=0.021 mode=CONVERSATION would_fire=False
[24] negotiate: voices=() magnitude=0 -> outcome='SPEAK' gate='' reason='no voice triggered'
[25] voices fired: ['village_gordon']
[25] MOOG check (pre-reset): f_drag=4.060 (limit 12.800) chi=0.327 (limit 1.280) m_a=0.021 mode=CONVERSATION would_fire=False
[25] negotiate: voices=() magnitude=0 -> outcome='SPEAK' gate='' reason='no voice triggered'
[26] voices fired: ['village_gordon']
[26] MOOG check (pre-reset): f_drag=6.810 (limit 12.800) chi=0.443 (limit 1.280) m_a=0.027 mode=CONVERSATION would_fire=False
[26] voices fired: ['village_gordon']
[26] negotiate: voices=('GORDON',) magnitude=0 -> outcome='SPEAK' gate='' reason='one voice, nothing to negotiate'
[27] voices fired: ['village_gordon', 'village_benedict_tact']
[27] MOOG check (pre-reset): f_drag=55.980 (limit 12.800) chi=0.014 (limit 1.280) m_a=0.046 mode=CONVERSATION would_fire=True
[27] negotiate: voices=() magnitude=0 -> outcome='HOLD' gate='MOOG' reason='The parameters of this concern are undefined. I am placing this in the ledger. We will not spend ATP on this right now.'
[28] voices fired: ['village_gordon', 'village_benedict_tact']
[28] MOOG check (pre-reset): f_drag=55.030 (limit 12.800) chi=0.014 (limit 1.280) m_a=0.056 mode=CONVERSATION would_fire=True
[28] voices fired: ['village_moira_home']
[28] negotiate: voices=('MOIRA',) magnitude=0 -> outcome='HOLD' gate='MOOG' reason='The parameters of this concern are undefined. I am placing this in the ledger. We will not spend ATP on this right now.'
[29] voices fired: ['village_benedict_tact']
[29] MOOG check (pre-reset): f_drag=1.280 (limit 12.800) chi=0.446 (limit 1.280) m_a=0.064 mode=CONVERSATION would_fire=False
[29] voices fired: ['village_benedict_tact', 'village_moira_home']
[29] negotiate: voices=('BENEDICT', 'MOIRA') magnitude=1 -> outcome='SPEAK' gate='' reason='held 2 turns already; BENEDICT takes the floor'
